// Vitest Snapshot v1, https://vitest.dev/guide/snapshot.html

exports[`test-generator > matches snapshot 1`] = `<test-generator />`;
